
> @steding/ui@0.1.0 build /Users/leroysteding-mini/Projects/personal/leroy-steding-portfolio/packages/ui
> tsup src/index.ts --format cjs,esm --dts --external react --external react-dom

CLI Building entry: src/index.ts
CLI Using tsconfig: tsconfig.json
CLI tsup v8.5.1
CLI Using tsup config: /Users/leroysteding-mini/Projects/personal/leroy-steding-portfolio/packages/ui/tsup.config.ts
CLI Target: es2015
CLI Cleaning output folder
CJS Build start
ESM Build start
CJS dist/index.js     57.90 KB
CJS dist/index.js.map 116.81 KB
CJS ⚡️ Build success in 146ms
ESM dist/index.mjs     55.56 KB
ESM dist/index.mjs.map 116.71 KB
ESM ⚡️ Build success in 146ms
DTS Build start
DTS ⚡️ Build success in 794ms
DTS dist/index.d.ts  30.12 KB
DTS dist/index.d.mts 30.12 KB
