
> @steding/timeline-scroll@0.1.0 build /Users/leroysteding-mini/Projects/personal/leroy-steding-portfolio/packages/timeline-scroll
> tsup src/index.ts --format cjs,esm --dts --external react --external react-dom --external framer-motion

CLI Building entry: src/index.ts
CLI Using tsconfig: tsconfig.json
CLI tsup v8.5.1
CLI Using tsup config: /Users/leroysteding-mini/Projects/personal/leroy-steding-portfolio/packages/timeline-scroll/tsup.config.ts
CLI Target: es2015
CLI Cleaning output folder
CJS Build start
ESM Build start
dist/index.mjs (1:0): Module level directives cause errors when bundled, "use client" in "dist/index.mjs" was ignored.
dist/index.js (1:0): Module level directives cause errors when bundled, "use client" in "dist/index.js" was ignored.
ESM dist/index.mjs     20.45 KB
ESM dist/index.mjs.map 47.44 KB
ESM ⚡️ Build success in 118ms
CJS dist/index.js     21.52 KB
CJS dist/index.js.map 47.49 KB
CJS ⚡️ Build success in 120ms
DTS Build start
DTS ⚡️ Build success in 589ms
DTS dist/index.d.ts  6.53 KB
DTS dist/index.d.mts 6.53 KB
